Component: ARM Compiler 5.06 update 7 (build 960) Tool: armlink [4d3601]

==============================================================================

Section Cross References

    startup.o(RESET) refers to startup.o(STACK) for StackMem
    startup.o(RESET) refers to transmitter.o(i.SysTick_Handler) for SysTick_Handler
    startup.o(RESET) refers to timer0a.o(i.Timer0A_Handler) for Timer0A_Handler
    startup.o(RESET) refers to timer1a.o(i.Timer1A_Handler) for Timer1A_Handler
    startup.o(RESET) refers to texas.o(i.Timer5A_Handler) for Timer5A_Handler
    startup.o(RESET) refers to entry.o(.ARM.Collect$$$$00000000) for __main
    lab5.o(i.UART_InUDec) refers to lab5.o(i.UART_InChar) for UART_InChar
    lab5.o(i.UART_InUDec) refers to lab5.o(i.UART_OutChar) for UART_OutChar
    lab5.o(i.UART_OutString) refers to lab5.o(i.UART_OutChar) for UART_OutChar
    lab5.o(i.UART_OutUDec) refers to lab5.o(i.UART_OutChar) for UART_OutChar
    lab5.o(i.main) refers to startup.o(.text) for DisableInterrupts
    lab5.o(i.main) refers to pll.o(i.PLL_Init) for PLL_Init
    lab5.o(i.main) refers to tlv5616.o(i.DAC_Init) for DAC_Init
    lab5.o(i.main) refers to lab5.o(i.Switch_Init) for Switch_Init
    lab5.o(i.main) refers to dsp.o(i.DFT_Init) for DFT_Init
    lab5.o(i.main) refers to receiver.o(i.ADC_Init) for ADC_Init
    lab5.o(i.main) refers to texas.o(i.UART_Init) for UART_Init
    lab5.o(i.main) refers to lab5.o(i.UART_InitA) for UART_InitA
    lab5.o(i.main) refers to transmitter.o(i.SysTick_Init) for SysTick_Init
    lab5.o(i.main) refers to timer0a.o(i.Timer0A_Init) for Timer0A_Init
    lab5.o(i.main) refers to timer1a.o(i.Timer1A_Init) for Timer1A_Init
    lab5.o(i.main) refers to lab5.o(i.micInput) for micInput
    lab5.o(i.main) refers to lab5.o(i.switchExamine) for switchExamine
    lab5.o(i.micInput) refers to receiver.o(i.ADC_In) for ADC_In
    lab5.o(i.micInput) refers to dsp.o(i.NoiseReject) for NoiseReject
    lab5.o(i.micInput) refers to lab5.o(.data) for sampeling_array_index
    lab5.o(i.micInput) refers to lab5.o(.bss) for ADC_Array
    lab5.o(i.switchExamine) refers to lab5.o(i.Delay) for Delay
    lab5.o(i.switchExamine) refers to lab5.o(i.UART_OutUDec) for UART_OutUDec
    lab5.o(i.switchExamine) refers to lab5.o(i.UART_OutChar) for UART_OutChar
    lab5.o(i.switchExamine) refers to lab5.o(.data) for PFone_pressed
    lab5.o(i.switchExamine) refers to lab5.o(.bss) for ADC_Array
    texas.o(i.TExaS_Init) refers to pll.o(i.PLL_Init) for PLL_Init
    texas.o(i.TExaS_Init) refers to texas.o(i.UART_Init) for UART_Init
    texas.o(i.TExaS_Init) refers to texas.o(i.Timer5A_Init) for Timer5A_Init
    texas.o(i.TExaS_Init) refers to startup.o(.text) for EnableInterrupts
    texas.o(i.TExaS_Init) refers to texas.o(i.ADC1_InitPD3) for ADC1_InitPD3
    texas.o(i.TExaS_Init) refers to texas.o(i.ADC1_Init_PD2) for ADC1_Init_PD2
    texas.o(i.TExaS_Init) refers to texas.o(i.ADC1_Init_PE2) for ADC1_Init_PE2
    texas.o(i.TExaS_Init) refers to texas.o(i.ADC1_Init_PB5) for ADC1_Init_PB5
    texas.o(i.TExaS_Init) refers to texas.o(i.LogicAnalyzerA) for LogicAnalyzerA
    texas.o(i.TExaS_Init) refers to texas.o(i.LogicAnalyzerB) for LogicAnalyzerB
    texas.o(i.TExaS_Init) refers to texas.o(i.LogicAnalyzerC) for LogicAnalyzerC
    texas.o(i.TExaS_Init) refers to texas.o(i.LogicAnalyzerE) for LogicAnalyzerE
    texas.o(i.TExaS_Init) refers to texas.o(i.LogicAnalyzerF) for LogicAnalyzerF
    texas.o(i.TExaS_Init) refers to texas.o(i.Scope) for Scope
    texas.o(i.TExaS_Stop) refers to texas.o(i.Timer5A_Stop) for Timer5A_Stop
    texas.o(i.Timer5A_Handler) refers to texas.o(.data) for PeriodicTask5
    texas.o(i.Timer5A_Init) refers to startup.o(.text) for StartCritical
    texas.o(i.Timer5A_Init) refers to texas.o(.data) for PeriodicTask5
    timer0a.o(i.Timer0A_Handler) refers to timer0a.o(.data) for PeriodicTask0
    timer0a.o(i.Timer0A_Init) refers to timer0a.o(.data) for PeriodicTask0
    timer1a.o(i.Timer1A_Handler) refers to timer1a.o(.data) for PeriodicTask1
    timer1a.o(i.Timer1A_Init) refers to timer1a.o(.data) for PeriodicTask1
    transmitter.o(i.SysTick_Handler) refers to transmitter.o(i.DelayTransmission) for DelayTransmission
    transmitter.o(i.SysTick_Handler) refers to lab5.o(i.UART_OutString) for UART_OutString
    transmitter.o(i.SysTick_Handler) refers to lab5.o(i.UART_InUDec) for UART_InUDec
    transmitter.o(i.SysTick_Handler) refers to transmitter.o(i.SysTick_SetPeriod) for SysTick_SetPeriod
    transmitter.o(i.SysTick_Handler) refers to lab5.o(i.UART_OutChar) for UART_OutChar
    transmitter.o(i.SysTick_Handler) refers to transmitter.o(i.selectSignalOne) for selectSignalOne
    transmitter.o(i.SysTick_Handler) refers to transmitter.o(i.noSignal) for noSignal
    transmitter.o(i.SysTick_Handler) refers to tlv5616.o(i.DAC_Out) for DAC_Out
    transmitter.o(i.SysTick_Handler) refers to transmitter.o(.data) for freq_entered
    transmitter.o(i.SysTick_Handler) refers to transmitter.o(.constdata) for SineWave
    transmitter.o(i.SysTick_Init) refers to startup.o(.text) for StartCritical
    transmitter.o(i.noSignal) refers to transmitter.o(.data) for signalOne
    transmitter.o(i.selectSignalOne) refers to transmitter.o(.data) for signalOne
    transmitter.o(i.selectSignalTwo) refers to transmitter.o(.data) for signalOne
    receiver.o(i.ADC_Init) refers to receiver.o(.data) for delay
    st7735.o(i.Output_Clear) refers to st7735.o(i.ST7735_FillScreen) for ST7735_FillScreen
    st7735.o(i.Output_Color) refers to st7735.o(i.ST7735_SetTextColor) for ST7735_SetTextColor
    st7735.o(i.Output_Init) refers to st7735.o(i.ST7735_InitR) for ST7735_InitR
    st7735.o(i.Output_Init) refers to st7735.o(i.ST7735_FillScreen) for ST7735_FillScreen
    st7735.o(i.Output_Off) refers to st7735.o(i.Output_Clear) for Output_Clear
    st7735.o(i.Output_On) refers to st7735.o(i.Output_Init) for Output_Init
    st7735.o(i.ST7735_DrawBitmap) refers to st7735.o(i.setAddrWindow) for setAddrWindow
    st7735.o(i.ST7735_DrawBitmap) refers to st7735.o(i.writedata) for writedata
    st7735.o(i.ST7735_DrawBitmap) refers to st7735.o(i.deselect) for deselect
    st7735.o(i.ST7735_DrawBitmap) refers to st7735.o(.data) for _width
    st7735.o(i.ST7735_DrawChar) refers to st7735.o(i.setAddrWindow) for setAddrWindow
    st7735.o(i.ST7735_DrawChar) refers to st7735.o(i.pushColor) for pushColor
    st7735.o(i.ST7735_DrawChar) refers to st7735.o(i.deselect) for deselect
    st7735.o(i.ST7735_DrawChar) refers to st7735.o(.data) for _width
    st7735.o(i.ST7735_DrawChar) refers to st7735.o(.constdata) for Font
    st7735.o(i.ST7735_DrawCharS) refers to st7735.o(i.ST7735_DrawPixel) for ST7735_DrawPixel
    st7735.o(i.ST7735_DrawCharS) refers to st7735.o(i.ST7735_FillRect) for ST7735_FillRect
    st7735.o(i.ST7735_DrawCharS) refers to st7735.o(.data) for _width
    st7735.o(i.ST7735_DrawCharS) refers to st7735.o(.constdata) for Font
    st7735.o(i.ST7735_DrawCircle) refers to st7735.o(i.setAddrWindow) for setAddrWindow
    st7735.o(i.ST7735_DrawCircle) refers to st7735.o(i.writedata) for writedata
    st7735.o(i.ST7735_DrawCircle) refers to st7735.o(i.deselect) for deselect
    st7735.o(i.ST7735_DrawCircle) refers to st7735.o(.data) for _width
    st7735.o(i.ST7735_DrawCircle) refers to st7735.o(.constdata) for circle
    st7735.o(i.ST7735_DrawFastHLine) refers to st7735.o(i.setAddrWindow) for setAddrWindow
    st7735.o(i.ST7735_DrawFastHLine) refers to st7735.o(i.writedata) for writedata
    st7735.o(i.ST7735_DrawFastHLine) refers to st7735.o(i.deselect) for deselect
    st7735.o(i.ST7735_DrawFastHLine) refers to st7735.o(.data) for _width
    st7735.o(i.ST7735_DrawFastVLine) refers to st7735.o(i.setAddrWindow) for setAddrWindow
    st7735.o(i.ST7735_DrawFastVLine) refers to st7735.o(i.writedata) for writedata
    st7735.o(i.ST7735_DrawFastVLine) refers to st7735.o(i.deselect) for deselect
    st7735.o(i.ST7735_DrawFastVLine) refers to st7735.o(.data) for _width
    st7735.o(i.ST7735_DrawLine) refers to st7735.o(i.ST7735_DrawPixel) for ST7735_DrawPixel
    st7735.o(i.ST7735_DrawPixel) refers to st7735.o(i.setAddrWindow) for setAddrWindow
    st7735.o(i.ST7735_DrawPixel) refers to st7735.o(i.pushColor) for pushColor
    st7735.o(i.ST7735_DrawPixel) refers to st7735.o(i.deselect) for deselect
    st7735.o(i.ST7735_DrawPixel) refers to st7735.o(.data) for _width
    st7735.o(i.ST7735_DrawSmallCircle) refers to st7735.o(i.setAddrWindow) for setAddrWindow
    st7735.o(i.ST7735_DrawSmallCircle) refers to st7735.o(i.writedata) for writedata
    st7735.o(i.ST7735_DrawSmallCircle) refers to st7735.o(i.deselect) for deselect
    st7735.o(i.ST7735_DrawSmallCircle) refers to st7735.o(.data) for _width
    st7735.o(i.ST7735_DrawSmallCircle) refers to st7735.o(.constdata) for smallCircle
    st7735.o(i.ST7735_DrawString) refers to st7735.o(i.ST7735_DrawCharS) for ST7735_DrawCharS
    st7735.o(i.ST7735_FillRect) refers to st7735.o(i.setAddrWindow) for setAddrWindow
    st7735.o(i.ST7735_FillRect) refers to st7735.o(i.writedata) for writedata
    st7735.o(i.ST7735_FillRect) refers to st7735.o(i.deselect) for deselect
    st7735.o(i.ST7735_FillRect) refers to st7735.o(.data) for _width
    st7735.o(i.ST7735_FillScreen) refers to st7735.o(i.ST7735_FillRect) for ST7735_FillRect
    st7735.o(i.ST7735_FillScreen) refers to st7735.o(.data) for _height
    st7735.o(i.ST7735_InitB) refers to st7735.o(i.commonInit) for commonInit
    st7735.o(i.ST7735_InitB) refers to st7735.o(i.ST7735_SetCursor) for ST7735_SetCursor
    st7735.o(i.ST7735_InitB) refers to st7735.o(i.ST7735_FillScreen) for ST7735_FillScreen
    st7735.o(i.ST7735_InitB) refers to st7735.o(.constdata) for Bcmd
    st7735.o(i.ST7735_InitB) refers to st7735.o(.data) for StTextColor
    st7735.o(i.ST7735_InitR) refers to st7735.o(i.commonInit) for commonInit
    st7735.o(i.ST7735_InitR) refers to st7735.o(i.commandList) for commandList
    st7735.o(i.ST7735_InitR) refers to st7735.o(i.writecommand) for writecommand
    st7735.o(i.ST7735_InitR) refers to st7735.o(i.writedata) for writedata
    st7735.o(i.ST7735_InitR) refers to st7735.o(i.ST7735_SetCursor) for ST7735_SetCursor
    st7735.o(i.ST7735_InitR) refers to st7735.o(i.ST7735_FillScreen) for ST7735_FillScreen
    st7735.o(i.ST7735_InitR) refers to st7735.o(.constdata) for Rcmd1
    st7735.o(i.ST7735_InitR) refers to st7735.o(.data) for ColStart
    st7735.o(i.ST7735_InvertDisplay) refers to st7735.o(i.writecommand) for writecommand
    st7735.o(i.ST7735_InvertDisplay) refers to st7735.o(i.deselect) for deselect
    st7735.o(i.ST7735_Line) refers to st7735.o(i.plotLineX) for plotLineX
    st7735.o(i.ST7735_Line) refers to st7735.o(i.plotLineY) for plotLineY
    st7735.o(i.ST7735_OutChar) refers to st7735.o(i.ST7735_DrawString) for ST7735_DrawString
    st7735.o(i.ST7735_OutChar) refers to st7735.o(i.ST7735_DrawCharS) for ST7735_DrawCharS
    st7735.o(i.ST7735_OutChar) refers to st7735.o(.data) for StY
    st7735.o(i.ST7735_OutString) refers to st7735.o(i.ST7735_OutChar) for ST7735_OutChar
    st7735.o(i.ST7735_OutUDec) refers to st7735.o(i.fillmessage) for fillmessage
    st7735.o(i.ST7735_OutUDec) refers to st7735.o(i.ST7735_DrawString) for ST7735_DrawString
    st7735.o(i.ST7735_OutUDec) refers to st7735.o(i.ST7735_DrawCharS) for ST7735_DrawCharS
    st7735.o(i.ST7735_OutUDec) refers to st7735.o(.data) for Messageindex
    st7735.o(i.ST7735_OutUDec) refers to st7735.o(.bss) for Message
    st7735.o(i.ST7735_OutUDec4) refers to st7735.o(i.fillmessage4) for fillmessage4
    st7735.o(i.ST7735_OutUDec4) refers to st7735.o(i.ST7735_DrawString) for ST7735_DrawString
    st7735.o(i.ST7735_OutUDec4) refers to st7735.o(i.ST7735_DrawCharS) for ST7735_DrawCharS
    st7735.o(i.ST7735_OutUDec4) refers to st7735.o(.data) for Messageindex
    st7735.o(i.ST7735_OutUDec4) refers to st7735.o(.bss) for Message
    st7735.o(i.ST7735_OutUDec5) refers to st7735.o(i.fillmessage5) for fillmessage5
    st7735.o(i.ST7735_OutUDec5) refers to st7735.o(i.ST7735_DrawString) for ST7735_DrawString
    st7735.o(i.ST7735_OutUDec5) refers to st7735.o(i.ST7735_DrawCharS) for ST7735_DrawCharS
    st7735.o(i.ST7735_OutUDec5) refers to st7735.o(.data) for Messageindex
    st7735.o(i.ST7735_OutUDec5) refers to st7735.o(.bss) for Message
    st7735.o(i.ST7735_PlotBar) refers to st7735.o(i.ST7735_DrawFastVLine) for ST7735_DrawFastVLine
    st7735.o(i.ST7735_PlotBar) refers to st7735.o(.data) for Ymin
    st7735.o(i.ST7735_PlotClear) refers to st7735.o(i.ST7735_Color565) for ST7735_Color565
    st7735.o(i.ST7735_PlotClear) refers to st7735.o(i.ST7735_FillRect) for ST7735_FillRect
    st7735.o(i.ST7735_PlotClear) refers to st7735.o(.data) for Ymax
    st7735.o(i.ST7735_PlotLine) refers to st7735.o(i.ST7735_DrawPixel) for ST7735_DrawPixel
    st7735.o(i.ST7735_PlotLine) refers to st7735.o(.data) for Ymin
    st7735.o(i.ST7735_PlotNext) refers to st7735.o(.data) for X
    st7735.o(i.ST7735_PlotNextErase) refers to st7735.o(i.ST7735_Color565) for ST7735_Color565
    st7735.o(i.ST7735_PlotNextErase) refers to st7735.o(i.ST7735_DrawFastVLine) for ST7735_DrawFastVLine
    st7735.o(i.ST7735_PlotNextErase) refers to st7735.o(.data) for X
    st7735.o(i.ST7735_PlotPoint) refers to st7735.o(i.ST7735_DrawPixel) for ST7735_DrawPixel
    st7735.o(i.ST7735_PlotPoint) refers to st7735.o(.data) for Ymin
    st7735.o(i.ST7735_PlotPoints) refers to st7735.o(i.ST7735_DrawPixel) for ST7735_DrawPixel
    st7735.o(i.ST7735_PlotPoints) refers to st7735.o(.data) for Ymin
    st7735.o(i.ST7735_PlotdBfs) refers to st7735.o(i.ST7735_DrawFastVLine) for ST7735_DrawFastVLine
    st7735.o(i.ST7735_PlotdBfs) refers to st7735.o(.constdata) for dBfs
    st7735.o(i.ST7735_PlotdBfs) refers to st7735.o(.data) for X
    st7735.o(i.ST7735_SetCursor) refers to st7735.o(.data) for StX
    st7735.o(i.ST7735_SetRotation) refers to st7735.o(i.writecommand) for writecommand
    st7735.o(i.ST7735_SetRotation) refers to st7735.o(i.writedata) for writedata
    st7735.o(i.ST7735_SetRotation) refers to st7735.o(i.deselect) for deselect
    st7735.o(i.ST7735_SetRotation) refers to st7735.o(.data) for Rotation
    st7735.o(i.ST7735_SetTextColor) refers to st7735.o(.data) for StTextColor
    st7735.o(i.ST7735_SetX) refers to st7735.o(.data) for X
    st7735.o(i.commandList) refers to st7735.o(i.writecommand) for writecommand
    st7735.o(i.commandList) refers to st7735.o(i.writedata) for writedata
    st7735.o(i.commandList) refers to st7735.o(i.Delay1ms) for Delay1ms
    st7735.o(i.commonInit) refers to st7735.o(i.Delay1ms) for Delay1ms
    st7735.o(i.commonInit) refers to st7735.o(i.commandList) for commandList
    st7735.o(i.commonInit) refers to st7735.o(.data) for RowStart
    st7735.o(i.fillmessage) refers to st7735.o(.bss) for Message
    st7735.o(i.fillmessage) refers to st7735.o(.data) for Messageindex
    st7735.o(i.fillmessage4) refers to st7735.o(i.fillmessage) for fillmessage
    st7735.o(i.fillmessage4) refers to st7735.o(.data) for Messageindex
    st7735.o(i.fillmessage4) refers to st7735.o(.bss) for Message
    st7735.o(i.fillmessage5) refers to st7735.o(i.fillmessage) for fillmessage
    st7735.o(i.fillmessage5) refers to st7735.o(.data) for Messageindex
    st7735.o(i.fillmessage5) refers to st7735.o(.bss) for Message
    st7735.o(i.fputc) refers to st7735.o(i.ST7735_OutChar) for ST7735_OutChar
    st7735.o(i.plotLineX) refers to st7735.o(i.ST7735_DrawPixel) for ST7735_DrawPixel
    st7735.o(i.plotLineY) refers to st7735.o(i.ST7735_DrawPixel) for ST7735_DrawPixel
    st7735.o(i.pushColor) refers to st7735.o(i.writedata) for writedata
    st7735.o(i.setAddrWindow) refers to st7735.o(i.writecommand) for writecommand
    st7735.o(i.setAddrWindow) refers to st7735.o(i.writedata) for writedata
    st7735.o(i.setAddrWindow) refers to st7735.o(.data) for ColStart
    dsp.o(i.DFT) refers to dsp.o(.constdata) for ReW
    dsp.o(i.DFT) refers to dsp.o(.data) for rsum1
    dsp.o(i.DFT_Init) refers to dsp.o(.data) for isum1
    dsp.o(i.Mag1) refers to dsp.o(.data) for rsum1
    dsp.o(i.Mag2) refers to dsp.o(.data) for rsum2
    dsp.o(i.Median) refers to dsp.o(.data) for x1
    dsp.o(i.NoiseReject) refers to dsp.o(.data) for t1
    dsp.o(i.NoiseReject_Init) refers to dsp.o(.data) for t2
    dsp.o(i.aMag1) refers to dsp.o(.data) for isum1
    dsp.o(i.aMag1) refers to dsp.o(.bss) for x
    dsp.o(i.aMag1) refers to dsp.o(.constdata) for ReW
    dsp.o(i.aMag2) refers to dsp.o(.data) for isum2
    dsp.o(i.aMag2) refers to dsp.o(.bss) for x
    dsp.o(i.aMag2) refers to dsp.o(.constdata) for ReW
    entry.o(.ARM.Collect$$$$00000000) refers (Special) to entry10a.o(.ARM.Collect$$$$0000000F) for __rt_final_cpp
    entry.o(.ARM.Collect$$$$00000000) refers (Special) to entry11a.o(.ARM.Collect$$$$00000011) for __rt_final_exit
    entry.o(.ARM.Collect$$$$00000000) refers (Special) to entry12b.o(.ARM.Collect$$$$0000000E) for __rt_lib_shutdown_fini
    entry.o(.ARM.Collect$$$$00000000) refers (Special) to entry7b.o(.ARM.Collect$$$$00000008) for _main_clock
    entry.o(.ARM.Collect$$$$00000000) refers (Special) to entry8b.o(.ARM.Collect$$$$0000000A) for _main_cpp_init
    entry.o(.ARM.Collect$$$$00000000) refers (Special) to entry9a.o(.ARM.Collect$$$$0000000B) for _main_init
    entry.o(.ARM.Collect$$$$00000000) refers (Special) to entry5.o(.ARM.Collect$$$$00000004) for _main_scatterload
    entry.o(.ARM.Collect$$$$00000000) refers (Special) to entry2.o(.ARM.Collect$$$$00000001) for _main_stk
    entry2.o(.ARM.Collect$$$$00000001) refers to entry2.o(.ARM.Collect$$$$00002712) for __lit__00000000
    entry2.o(.ARM.Collect$$$$00002712) refers to startup.o(STACK) for __initial_sp
    entry2.o(__vectab_stack_and_reset_area) refers to startup.o(STACK) for __initial_sp
    entry2.o(__vectab_stack_and_reset_area) refers to entry.o(.ARM.Collect$$$$00000000) for __main
    entry5.o(.ARM.Collect$$$$00000004) refers to init.o(.text) for __scatterload
    entry9a.o(.ARM.Collect$$$$0000000B) refers to lab5.o(i.main) for main
    entry9b.o(.ARM.Collect$$$$0000000C) refers to lab5.o(i.main) for main
    init.o(.text) refers to entry5.o(.ARM.Collect$$$$00000004) for __main_after_scatterload


==============================================================================

Removing Unused input sections from the image.

    Removing startup.o(HEAP), (0 bytes).
    Removing texas.o(i.ADC1_InitPD3), (200 bytes).
    Removing texas.o(i.ADC1_Init_PB5), (200 bytes).
    Removing texas.o(i.ADC1_Init_PD2), (200 bytes).
    Removing texas.o(i.ADC1_Init_PE2), (200 bytes).
    Removing texas.o(i.LogicAnalyzerA), (24 bytes).
    Removing texas.o(i.LogicAnalyzerB), (24 bytes).
    Removing texas.o(i.LogicAnalyzerC), (24 bytes).
    Removing texas.o(i.LogicAnalyzerE), (24 bytes).
    Removing texas.o(i.LogicAnalyzerF), (24 bytes).
    Removing texas.o(i.Scope), (20 bytes).
    Removing texas.o(i.TExaS_Init), (312 bytes).
    Removing texas.o(i.TExaS_Stop), (8 bytes).
    Removing texas.o(i.Timer5A_Init), (184 bytes).
    Removing texas.o(i.Timer5A_Stop), (36 bytes).
    Removing timer0a.o(i.Timer0A_Stop), (24 bytes).
    Removing timer1a.o(i.Timer1A_Stop), (24 bytes).
    Removing transmitter.o(i.selectSignalTwo), (24 bytes).
    Removing receiver.o(.bss), (400 bytes).
    Removing st7735.o(i.Delay1ms), (32 bytes).
    Removing st7735.o(i.Output_Clear), (10 bytes).
    Removing st7735.o(i.Output_Color), (12 bytes).
    Removing st7735.o(i.Output_Init), (16 bytes).
    Removing st7735.o(i.Output_Off), (8 bytes).
    Removing st7735.o(i.Output_On), (8 bytes).
    Removing st7735.o(i.ST7735_Color565), (24 bytes).
    Removing st7735.o(i.ST7735_DrawBitmap), (292 bytes).
    Removing st7735.o(i.ST7735_DrawChar), (276 bytes).
    Removing st7735.o(i.ST7735_DrawCharS), (248 bytes).
    Removing st7735.o(i.ST7735_DrawCircle), (172 bytes).
    Removing st7735.o(i.ST7735_DrawFastHLine), (128 bytes).
    Removing st7735.o(i.ST7735_DrawFastVLine), (128 bytes).
    Removing st7735.o(i.ST7735_DrawLine), (246 bytes).
    Removing st7735.o(i.ST7735_DrawPixel), (76 bytes).
    Removing st7735.o(i.ST7735_DrawSmallCircle), (172 bytes).
    Removing st7735.o(i.ST7735_DrawString), (86 bytes).
    Removing st7735.o(i.ST7735_FillRect), (176 bytes).
    Removing st7735.o(i.ST7735_FillScreen), (36 bytes).
    Removing st7735.o(i.ST7735_InitB), (40 bytes).
    Removing st7735.o(i.ST7735_InitR), (124 bytes).
    Removing st7735.o(i.ST7735_InvertDisplay), (26 bytes).
    Removing st7735.o(i.ST7735_Line), (126 bytes).
    Removing st7735.o(i.ST7735_OutChar), (212 bytes).
    Removing st7735.o(i.ST7735_OutString), (24 bytes).
    Removing st7735.o(i.ST7735_OutUDec), (140 bytes).
    Removing st7735.o(i.ST7735_OutUDec4), (140 bytes).
    Removing st7735.o(i.ST7735_OutUDec5), (140 bytes).
    Removing st7735.o(i.ST7735_PlotBar), (88 bytes).
    Removing st7735.o(i.ST7735_PlotClear), (92 bytes).
    Removing st7735.o(i.ST7735_PlotLine), (264 bytes).
    Removing st7735.o(i.ST7735_PlotNext), (32 bytes).
    Removing st7735.o(i.ST7735_PlotNextErase), (64 bytes).
    Removing st7735.o(i.ST7735_PlotPoint), (152 bytes).
    Removing st7735.o(i.ST7735_PlotPoints), (172 bytes).
    Removing st7735.o(i.ST7735_PlotdBfs), (60 bytes).
    Removing st7735.o(i.ST7735_SetCursor), (32 bytes).
    Removing st7735.o(i.ST7735_SetRotation), (216 bytes).
    Removing st7735.o(i.ST7735_SetTextColor), (12 bytes).
    Removing st7735.o(i.ST7735_SetX), (36 bytes).
    Removing st7735.o(i.ST7735_SwapColor), (18 bytes).
    Removing st7735.o(i.ST7735_XYplot), (2 bytes).
    Removing st7735.o(i.ST7735_XYplotInit), (6 bytes).
    Removing st7735.o(i.ST7735_sDecOut2), (2 bytes).
    Removing st7735.o(i.ST7735_uBinOut6), (2 bytes).
    Removing st7735.o(i.commandList), (86 bytes).
    Removing st7735.o(i.commonInit), (392 bytes).
    Removing st7735.o(i.deselect), (28 bytes).
    Removing st7735.o(i.ferror), (8 bytes).
    Removing st7735.o(i.fgetc), (6 bytes).
    Removing st7735.o(i.fillmessage), (72 bytes).
    Removing st7735.o(i.fillmessage4), (100 bytes).
    Removing st7735.o(i.fillmessage5), (128 bytes).
    Removing st7735.o(i.fputc), (16 bytes).
    Removing st7735.o(i.plotLineX), (166 bytes).
    Removing st7735.o(i.plotLineY), (164 bytes).
    Removing st7735.o(i.pushColor), (18 bytes).
    Removing st7735.o(i.setAddrWindow), (116 bytes).
    Removing st7735.o(i.writecommand), (56 bytes).
    Removing st7735.o(i.writedata), (36 bytes).
    Removing st7735.o(.bss), (12 bytes).
    Removing st7735.o(.constdata), (2114 bytes).
    Removing st7735.o(.data), (44 bytes).
    Removing dsp.o(i.DFT), (104 bytes).
    Removing dsp.o(i.Mag1), (72 bytes).
    Removing dsp.o(i.Mag2), (72 bytes).
    Removing dsp.o(i.Median), (164 bytes).
    Removing dsp.o(i.Median3), (46 bytes).
    Removing dsp.o(i.NoiseReject_Init), (28 bytes).
    Removing dsp.o(i.aMag1), (140 bytes).
    Removing dsp.o(i.aMag2), (144 bytes).
    Removing dsp.o(.bss), (64 bytes).
    Removing dsp.o(.constdata), (256 bytes).
    Removing tlv5616.o(i.DAC_Out_NB), (12 bytes).

93 unused section(s) (total 10984 bytes) removed from the image.

==============================================================================

Image Symbol Table

    Local Symbols

    Symbol Name                              Value     Ov Type        Size  Object(Section)

    RESET                                    0x00000000   Section      644  startup.o(RESET)
    ../clib/microlib/init/entry.s            0x00000000   Number         0  entry11b.o ABSOLUTE
    ../clib/microlib/init/entry.s            0x00000000   Number         0  entry.o ABSOLUTE
    ../clib/microlib/init/entry.s            0x00000000   Number         0  entry5.o ABSOLUTE
    ../clib/microlib/init/entry.s            0x00000000   Number         0  entry2.o ABSOLUTE
    ../clib/microlib/init/entry.s            0x00000000   Number         0  entry12b.o ABSOLUTE
    ../clib/microlib/init/entry.s            0x00000000   Number         0  entry12a.o ABSOLUTE
    ../clib/microlib/init/entry.s            0x00000000   Number         0  entry11a.o ABSOLUTE
    ../clib/microlib/init/entry.s            0x00000000   Number         0  entry10b.o ABSOLUTE
    ../clib/microlib/init/entry.s            0x00000000   Number         0  entry7a.o ABSOLUTE
    ../clib/microlib/init/entry.s            0x00000000   Number         0  entry10a.o ABSOLUTE
    ../clib/microlib/init/entry.s            0x00000000   Number         0  entry9b.o ABSOLUTE
    ../clib/microlib/init/entry.s            0x00000000   Number         0  entry9a.o ABSOLUTE
    ../clib/microlib/init/entry.s            0x00000000   Number         0  entry7b.o ABSOLUTE
    ../clib/microlib/init/entry.s            0x00000000   Number         0  entry8b.o ABSOLUTE
    ../clib/microlib/init/entry.s            0x00000000   Number         0  entry8a.o ABSOLUTE
    ..\inc\PLL.c                             0x00000000   Number         0  pll.o ABSOLUTE
    ..\inc\ST7735.c                          0x00000000   Number         0  st7735.o ABSOLUTE
    ..\inc\TLV5616.c                         0x00000000   Number         0  tlv5616.o ABSOLUTE
    ..\inc\Texas.c                           0x00000000   Number         0  texas.o ABSOLUTE
    ..\inc\Timer0A.c                         0x00000000   Number         0  timer0a.o ABSOLUTE
    ..\inc\Timer1A.c                         0x00000000   Number         0  timer1a.o ABSOLUTE
    ..\inc\dsp.c                             0x00000000   Number         0  dsp.o ABSOLUTE
    Lab5.c                                   0x00000000   Number         0  lab5.o ABSOLUTE
    Receiver.c                               0x00000000   Number         0  receiver.o ABSOLUTE
    Transmitter.c                            0x00000000   Number         0  transmitter.o ABSOLUTE
    dc.s                                     0x00000000   Number         0  dc.o ABSOLUTE
    handlers.s                               0x00000000   Number         0  handlers.o ABSOLUTE
    init.s                                   0x00000000   Number         0  init.o ABSOLUTE
    startup.s                                0x00000000   Number         0  startup.o ABSOLUTE
    $v0                                      0x0000026c   Number         0  startup.o(RESET)
    .ARM.Collect$$$$00000000                 0x00000284   Section        0  entry.o(.ARM.Collect$$$$00000000)
    .ARM.Collect$$$$00000001                 0x00000284   Section        4  entry2.o(.ARM.Collect$$$$00000001)
    .ARM.Collect$$$$00000004                 0x00000288   Section        4  entry5.o(.ARM.Collect$$$$00000004)
    .ARM.Collect$$$$00000008                 0x0000028c   Section        0  entry7b.o(.ARM.Collect$$$$00000008)
    .ARM.Collect$$$$0000000A                 0x0000028c   Section        0  entry8b.o(.ARM.Collect$$$$0000000A)
    .ARM.Collect$$$$0000000B                 0x0000028c   Section        8  entry9a.o(.ARM.Collect$$$$0000000B)
    .ARM.Collect$$$$0000000E                 0x00000294   Section        4  entry12b.o(.ARM.Collect$$$$0000000E)
    .ARM.Collect$$$$0000000F                 0x00000298   Section        0  entry10a.o(.ARM.Collect$$$$0000000F)
    .ARM.Collect$$$$00000011                 0x00000298   Section        0  entry11a.o(.ARM.Collect$$$$00000011)
    .ARM.Collect$$$$00002712                 0x00000298   Section        4  entry2.o(.ARM.Collect$$$$00002712)
    __lit__00000000                          0x00000298   Data           4  entry2.o(.ARM.Collect$$$$00002712)
    .text                                    0x0000029c   Section       28  startup.o(.text)
    $v0                                      0x0000029c   Number         0  startup.o(.text)
    .text                                    0x000002b8   Section       36  init.o(.text)
    i.ADC_In                                 0x000002dc   Section        0  receiver.o(i.ADC_In)
    i.ADC_Init                               0x00000308   Section        0  receiver.o(i.ADC_Init)
    i.DAC_Init                               0x00000418   Section        0  tlv5616.o(i.DAC_Init)
    i.DAC_Out                                0x000004cc   Section        0  tlv5616.o(i.DAC_Out)
    i.DFT_Init                               0x000004e8   Section        0  dsp.o(i.DFT_Init)
    i.Delay                                  0x0000050c   Section        0  lab5.o(i.Delay)
    i.DelayTransmission                      0x00000516   Section        0  transmitter.o(i.DelayTransmission)
    i.NoiseReject                            0x00000520   Section        0  dsp.o(i.NoiseReject)
    i.PLL_Init                               0x000005a4   Section        0  pll.o(i.PLL_Init)
    i.Switch_Init                            0x00000620   Section        0  lab5.o(i.Switch_Init)
    i.SysTick_Handler                        0x00000740   Section        0  transmitter.o(i.SysTick_Handler)
    i.SysTick_Init                           0x00000820   Section        0  transmitter.o(i.SysTick_Init)
    i.SysTick_SetPeriod                      0x00000860   Section        0  transmitter.o(i.SysTick_SetPeriod)
    i.Timer0A_Handler                        0x00000878   Section        0  timer0a.o(i.Timer0A_Handler)
    i.Timer0A_Init                           0x00000890   Section        0  timer0a.o(i.Timer0A_Init)
    i.Timer1A_Handler                        0x00000908   Section        0  timer1a.o(i.Timer1A_Handler)
    i.Timer1A_Init                           0x00000920   Section        0  timer1a.o(i.Timer1A_Init)
    i.Timer5A_Handler                        0x00000980   Section        0  texas.o(i.Timer5A_Handler)
    i.UART_InChar                            0x00000998   Section        0  lab5.o(i.UART_InChar)
    i.UART_InUDec                            0x000009b4   Section        0  lab5.o(i.UART_InUDec)
    i.UART_Init                              0x00000a00   Section        0  texas.o(i.UART_Init)
    i.UART_InitA                             0x00000a9c   Section        0  lab5.o(i.UART_InitA)
    i.UART_OutChar                           0x00000b24   Section        0  lab5.o(i.UART_OutChar)
    i.UART_OutString                         0x00000b3c   Section        0  lab5.o(i.UART_OutString)
    i.UART_OutUDec                           0x00000b54   Section        0  lab5.o(i.UART_OutUDec)
    i.__scatterload_copy                     0x00000b7e   Section       14  handlers.o(i.__scatterload_copy)
    i.__scatterload_null                     0x00000b8c   Section        2  handlers.o(i.__scatterload_null)
    i.__scatterload_zeroinit                 0x00000b8e   Section       14  handlers.o(i.__scatterload_zeroinit)
    i.main                                   0x00000b9c   Section        0  lab5.o(i.main)
    i.micInput                               0x00000bf4   Section        0  lab5.o(i.micInput)
    i.noSignal                               0x00000c94   Section        0  transmitter.o(i.noSignal)
    i.selectSignalOne                        0x00000ca8   Section        0  transmitter.o(i.selectSignalOne)
    i.switchExamine                          0x00000cc0   Section        0  lab5.o(i.switchExamine)
    .constdata                               0x00000d7c   Section      512  transmitter.o(.constdata)
    SineWave                                 0x00000d7c   Data         512  transmitter.o(.constdata)
    .data                                    0x20000000   Section       40  lab5.o(.data)
    .data                                    0x20000028   Section        4  texas.o(.data)
    .data                                    0x2000002c   Section        4  timer0a.o(.data)
    .data                                    0x20000030   Section        4  timer1a.o(.data)
    .data                                    0x20000034   Section       16  transmitter.o(.data)
    WaveIndex                                0x20000040   Data           4  transmitter.o(.data)
    .data                                    0x20000044   Section        4  receiver.o(.data)
    .data                                    0x20000048   Section       35  dsp.o(.data)
    .bss                                     0x2000006c   Section    16000  lab5.o(.bss)
    STACK                                    0x20003ef0   Section     1024  startup.o(STACK)
    StackMem                                 0x20003ef0   Data           0  startup.o(STACK)

    Global Symbols

    Symbol Name                              Value     Ov Type        Size  Object(Section)

    BuildAttributes$$THM_ISAv4$E$P$D$K$B$S$7EM$VFPi3$EXTD16$VFPS$VFMA$PE$A:L22UL41UL21$X:L11$S22US41US21$IEEE1$IW$USESV6$~STKCKD$USESV7$~SHL$OSPACE$EBA8$MICROLIB$REQ8$PRES8$EABIv2 0x00000000   Number         0  anon$$obj.o ABSOLUTE
    __ARM_use_no_argv                        0x00000000   Number         0  lab5.o ABSOLUTE
    __Vectors                                0x00000000   Data           0  startup.o(RESET)
    __arm_fini_                               - Undefined Weak Reference
    __cpp_initialize__aeabi_                  - Undefined Weak Reference
    __cxa_finalize                            - Undefined Weak Reference
    __decompress                              - Undefined Weak Reference
    _clock_init                               - Undefined Weak Reference
    _microlib_exit                            - Undefined Weak Reference
    Reset_Handler                            0x0000026d   Thumb Code     0  startup.o(RESET)
    NMI_Handler                              0x00000271   Thumb Code     2  startup.o(RESET)
    HardFault_Handler                        0x00000273   Thumb Code     2  startup.o(RESET)
    MemManage_Handler                        0x00000275   Thumb Code     2  startup.o(RESET)
    BusFault_Handler                         0x00000277   Thumb Code     2  startup.o(RESET)
    UsageFault_Handler                       0x00000279   Thumb Code     2  startup.o(RESET)
    SVC_Handler                              0x0000027b   Thumb Code     2  startup.o(RESET)
    DebugMon_Handler                         0x0000027d   Thumb Code     2  startup.o(RESET)
    PendSV_Handler                           0x0000027f   Thumb Code     2  startup.o(RESET)
    ADC0Seq0_Handler                         0x00000283   Thumb Code     0  startup.o(RESET)
    ADC0Seq1_Handler                         0x00000283   Thumb Code     0  startup.o(RESET)
    ADC0Seq2_Handler                         0x00000283   Thumb Code     0  startup.o(RESET)
    ADC0Seq3_Handler                         0x00000283   Thumb Code     0  startup.o(RESET)
    ADC1Seq0_Handler                         0x00000283   Thumb Code     0  startup.o(RESET)
    ADC1Seq1_Handler                         0x00000283   Thumb Code     0  startup.o(RESET)
    ADC1Seq2_Handler                         0x00000283   Thumb Code     0  startup.o(RESET)
    ADC1Seq3_Handler                         0x00000283   Thumb Code     0  startup.o(RESET)
    CAN0_Handler                             0x00000283   Thumb Code     0  startup.o(RESET)
    CAN1_Handler                             0x00000283   Thumb Code     0  startup.o(RESET)
    CAN2_Handler                             0x00000283   Thumb Code     0  startup.o(RESET)
    Comp0_Handler                            0x00000283   Thumb Code     0  startup.o(RESET)
    Comp1_Handler                            0x00000283   Thumb Code     0  startup.o(RESET)
    Comp2_Handler                            0x00000283   Thumb Code     0  startup.o(RESET)
    Ethernet_Handler                         0x00000283   Thumb Code     0  startup.o(RESET)
    ExtBus_Handler                           0x00000283   Thumb Code     0  startup.o(RESET)
    FPU_Handler                              0x00000283   Thumb Code     0  startup.o(RESET)
    Fan0_Handler                             0x00000283   Thumb Code     0  startup.o(RESET)
    FlashCtl_Handler                         0x00000283   Thumb Code     0  startup.o(RESET)
    GPIOPortA_Handler                        0x00000283   Thumb Code     0  startup.o(RESET)
    GPIOPortB_Handler                        0x00000283   Thumb Code     0  startup.o(RESET)
    GPIOPortC_Handler                        0x00000283   Thumb Code     0  startup.o(RESET)
    GPIOPortD_Handler                        0x00000283   Thumb Code     0  startup.o(RESET)
    GPIOPortE_Handler                        0x00000283   Thumb Code     0  startup.o(RESET)
    GPIOPortF_Handler                        0x00000283   Thumb Code     0  startup.o(RESET)
    GPIOPortG_Handler                        0x00000283   Thumb Code     0  startup.o(RESET)
    GPIOPortH_Handler                        0x00000283   Thumb Code     0  startup.o(RESET)
    GPIOPortJ_Handler                        0x00000283   Thumb Code     0  startup.o(RESET)
    GPIOPortK_Handler                        0x00000283   Thumb Code     0  startup.o(RESET)
    GPIOPortL_Handler                        0x00000283   Thumb Code     0  startup.o(RESET)
    GPIOPortM_Handler                        0x00000283   Thumb Code     0  startup.o(RESET)
    GPIOPortN_Handler                        0x00000283   Thumb Code     0  startup.o(RESET)
    GPIOPortP1_Handler                       0x00000283   Thumb Code     0  startup.o(RESET)
    GPIOPortP2_Handler                       0x00000283   Thumb Code     0  startup.o(RESET)
    GPIOPortP3_Handler                       0x00000283   Thumb Code     0  startup.o(RESET)
    GPIOPortP4_Handler                       0x00000283   Thumb Code     0  startup.o(RESET)
    GPIOPortP5_Handler                       0x00000283   Thumb Code     0  startup.o(RESET)
    GPIOPortP6_Handler                       0x00000283   Thumb Code     0  startup.o(RESET)
    GPIOPortP7_Handler                       0x00000283   Thumb Code     0  startup.o(RESET)
    GPIOPortP_Handler                        0x00000283   Thumb Code     0  startup.o(RESET)
    GPIOPortQ1_Handler                       0x00000283   Thumb Code     0  startup.o(RESET)
    GPIOPortQ2_Handler                       0x00000283   Thumb Code     0  startup.o(RESET)
    GPIOPortQ3_Handler                       0x00000283   Thumb Code     0  startup.o(RESET)
    GPIOPortQ4_Handler                       0x00000283   Thumb Code     0  startup.o(RESET)
    GPIOPortQ5_Handler                       0x00000283   Thumb Code     0  startup.o(RESET)
    GPIOPortQ6_Handler                       0x00000283   Thumb Code     0  startup.o(RESET)
    GPIOPortQ7_Handler                       0x00000283   Thumb Code     0  startup.o(RESET)
    GPIOPortQ_Handler                        0x00000283   Thumb Code     0  startup.o(RESET)
    GPIOPortR_Handler                        0x00000283   Thumb Code     0  startup.o(RESET)
    GPIOPortS_Handler                        0x00000283   Thumb Code     0  startup.o(RESET)
    Hibernate_Handler                        0x00000283   Thumb Code     0  startup.o(RESET)
    I2C0_Handler                             0x00000283   Thumb Code     0  startup.o(RESET)
    I2C1_Handler                             0x00000283   Thumb Code     0  startup.o(RESET)
    I2C2_Handler                             0x00000283   Thumb Code     0  startup.o(RESET)
    I2C3_Handler                             0x00000283   Thumb Code     0  startup.o(RESET)
    I2C4_Handler                             0x00000283   Thumb Code     0  startup.o(RESET)
    I2C5_Handler                             0x00000283   Thumb Code     0  startup.o(RESET)
    I2S0_Handler                             0x00000283   Thumb Code     0  startup.o(RESET)
    LPC0_Handler                             0x00000283   Thumb Code     0  startup.o(RESET)
    PECI0_Handler                            0x00000283   Thumb Code     0  startup.o(RESET)
    PWM0Fault_Handler                        0x00000283   Thumb Code     0  startup.o(RESET)
    PWM0Generator0_Handler                   0x00000283   Thumb Code     0  startup.o(RESET)
    PWM0Generator1_Handler                   0x00000283   Thumb Code     0  startup.o(RESET)
    PWM0Generator2_Handler                   0x00000283   Thumb Code     0  startup.o(RESET)
    PWM0Generator3_Handler                   0x00000283   Thumb Code     0  startup.o(RESET)
    PWM1Fault_Handler                        0x00000283   Thumb Code     0  startup.o(RESET)
    PWM1Generator0_Handler                   0x00000283   Thumb Code     0  startup.o(RESET)
    PWM1Generator1_Handler                   0x00000283   Thumb Code     0  startup.o(RESET)
    PWM1Generator2_Handler                   0x00000283   Thumb Code     0  startup.o(RESET)
    PWM1Generator3_Handler                   0x00000283   Thumb Code     0  startup.o(RESET)
    Quadrature0_Handler                      0x00000283   Thumb Code     0  startup.o(RESET)
    Quadrature1_Handler                      0x00000283   Thumb Code     0  startup.o(RESET)
    Quadrature2_Handler                      0x00000283   Thumb Code     0  startup.o(RESET)
    SSI0_Handler                             0x00000283   Thumb Code     0  startup.o(RESET)
    SSI1_Handler                             0x00000283   Thumb Code     0  startup.o(RESET)
    SSI2_Handler                             0x00000283   Thumb Code     0  startup.o(RESET)
    SSI3_Handler                             0x00000283   Thumb Code     0  startup.o(RESET)
    SysCtl_Handler                           0x00000283   Thumb Code     0  startup.o(RESET)
    Timer0B_Handler                          0x00000283   Thumb Code     0  startup.o(RESET)
    Timer1B_Handler                          0x00000283   Thumb Code     0  startup.o(RESET)
    Timer2A_Handler                          0x00000283   Thumb Code     0  startup.o(RESET)
    Timer2B_Handler                          0x00000283   Thumb Code     0  startup.o(RESET)
    Timer3A_Handler                          0x00000283   Thumb Code     0  startup.o(RESET)
    Timer3B_Handler                          0x00000283   Thumb Code     0  startup.o(RESET)
    Timer4A_Handler                          0x00000283   Thumb Code     0  startup.o(RESET)
    Timer4B_Handler                          0x00000283   Thumb Code     0  startup.o(RESET)
    Timer5B_Handler                          0x00000283   Thumb Code     0  startup.o(RESET)
    UART0_Handler                            0x00000283   Thumb Code     0  startup.o(RESET)
    UART1_Handler                            0x00000283   Thumb Code     0  startup.o(RESET)
    UART2_Handler                            0x00000283   Thumb Code     0  startup.o(RESET)
    UART3_Handler                            0x00000283   Thumb Code     0  startup.o(RESET)
    UART4_Handler                            0x00000283   Thumb Code     0  startup.o(RESET)
    UART5_Handler                            0x00000283   Thumb Code     0  startup.o(RESET)
    UART6_Handler                            0x00000283   Thumb Code     0  startup.o(RESET)
    UART7_Handler                            0x00000283   Thumb Code     0  startup.o(RESET)
    USB0_Handler                             0x00000283   Thumb Code     0  startup.o(RESET)
    WDT_Handler                              0x00000283   Thumb Code     0  startup.o(RESET)
    WideTimer0A_Handler                      0x00000283   Thumb Code     0  startup.o(RESET)
    WideTimer0B_Handler                      0x00000283   Thumb Code     0  startup.o(RESET)
    WideTimer1A_Handler                      0x00000283   Thumb Code     0  startup.o(RESET)
    WideTimer1B_Handler                      0x00000283   Thumb Code     0  startup.o(RESET)
    WideTimer2A_Handler                      0x00000283   Thumb Code     0  startup.o(RESET)
    WideTimer2B_Handler                      0x00000283   Thumb Code     0  startup.o(RESET)
    WideTimer3A_Handler                      0x00000283   Thumb Code     0  startup.o(RESET)
    WideTimer3B_Handler                      0x00000283   Thumb Code     0  startup.o(RESET)
    WideTimer4A_Handler                      0x00000283   Thumb Code     0  startup.o(RESET)
    WideTimer4B_Handler                      0x00000283   Thumb Code     0  startup.o(RESET)
    WideTimer5A_Handler                      0x00000283   Thumb Code     0  startup.o(RESET)
    WideTimer5B_Handler                      0x00000283   Thumb Code     0  startup.o(RESET)
    uDMA_Error                               0x00000283   Thumb Code     0  startup.o(RESET)
    uDMA_Handler                             0x00000283   Thumb Code     0  startup.o(RESET)
    __main                                   0x00000285   Thumb Code     0  entry.o(.ARM.Collect$$$$00000000)
    _main_stk                                0x00000285   Thumb Code     0  entry2.o(.ARM.Collect$$$$00000001)
    _main_scatterload                        0x00000289   Thumb Code     0  entry5.o(.ARM.Collect$$$$00000004)
    __main_after_scatterload                 0x0000028d   Thumb Code     0  entry5.o(.ARM.Collect$$$$00000004)
    _main_clock                              0x0000028d   Thumb Code     0  entry7b.o(.ARM.Collect$$$$00000008)
    _main_cpp_init                           0x0000028d   Thumb Code     0  entry8b.o(.ARM.Collect$$$$0000000A)
    _main_init                               0x0000028d   Thumb Code     0  entry9a.o(.ARM.Collect$$$$0000000B)
    __rt_lib_shutdown_fini                   0x00000295   Thumb Code     0  entry12b.o(.ARM.Collect$$$$0000000E)
    __rt_final_cpp                           0x00000299   Thumb Code     0  entry10a.o(.ARM.Collect$$$$0000000F)
    __rt_final_exit                          0x00000299   Thumb Code     0  entry11a.o(.ARM.Collect$$$$00000011)
    DisableInterrupts                        0x0000029d   Thumb Code     0  startup.o(.text)
    EnableInterrupts                         0x000002a1   Thumb Code     0  startup.o(.text)
    StartCritical                            0x000002a5   Thumb Code     0  startup.o(.text)
    EndCritical                              0x000002ad   Thumb Code     0  startup.o(.text)
    WaitForInterrupt                         0x000002b3   Thumb Code     0  startup.o(.text)
    __scatterload                            0x000002b9   Thumb Code    28  init.o(.text)
    __scatterload_rt2                        0x000002b9   Thumb Code     0  init.o(.text)
    ADC_In                                   0x000002dd   Thumb Code    38  receiver.o(i.ADC_In)
    ADC_Init                                 0x00000309   Thumb Code   238  receiver.o(i.ADC_Init)
    DAC_Init                                 0x00000419   Thumb Code   160  tlv5616.o(i.DAC_Init)
    DAC_Out                                  0x000004cd   Thumb Code    22  tlv5616.o(i.DAC_Out)
    DFT_Init                                 0x000004e9   Thumb Code    20  dsp.o(i.DFT_Init)
    Delay                                    0x0000050d   Thumb Code    10  lab5.o(i.Delay)
    DelayTransmission                        0x00000517   Thumb Code    10  transmitter.o(i.DelayTransmission)
    NoiseReject                              0x00000521   Thumb Code   114  dsp.o(i.NoiseReject)
    PLL_Init                                 0x000005a5   Thumb Code   120  pll.o(i.PLL_Init)
    Switch_Init                              0x00000621   Thumb Code   252  lab5.o(i.Switch_Init)
    SysTick_Handler                          0x00000741   Thumb Code   146  transmitter.o(i.SysTick_Handler)
    SysTick_Init                             0x00000821   Thumb Code    58  transmitter.o(i.SysTick_Init)
    SysTick_SetPeriod                        0x00000861   Thumb Code    22  transmitter.o(i.SysTick_SetPeriod)
    Timer0A_Handler                          0x00000879   Thumb Code    16  timer0a.o(i.Timer0A_Handler)
    Timer0A_Init                             0x00000891   Thumb Code    98  timer0a.o(i.Timer0A_Init)
    Timer1A_Handler                          0x00000909   Thumb Code    16  timer1a.o(i.Timer1A_Handler)
    Timer1A_Init                             0x00000921   Thumb Code    76  timer1a.o(i.Timer1A_Init)
    Timer5A_Handler                          0x00000981   Thumb Code    16  texas.o(i.Timer5A_Handler)
    UART_InChar                              0x00000999   Thumb Code    22  lab5.o(i.UART_InChar)
    UART_InUDec                              0x000009b5   Thumb Code    76  lab5.o(i.UART_InUDec)
    UART_Init                                0x00000a01   Thumb Code   138  texas.o(i.UART_Init)
    UART_InitA                               0x00000a9d   Thumb Code   118  lab5.o(i.UART_InitA)
    UART_OutChar                             0x00000b25   Thumb Code    20  lab5.o(i.UART_OutChar)
    UART_OutString                           0x00000b3d   Thumb Code    24  lab5.o(i.UART_OutString)
    UART_OutUDec                             0x00000b55   Thumb Code    42  lab5.o(i.UART_OutUDec)
    __scatterload_copy                       0x00000b7f   Thumb Code    14  handlers.o(i.__scatterload_copy)
    __scatterload_null                       0x00000b8d   Thumb Code     2  handlers.o(i.__scatterload_null)
    __scatterload_zeroinit                   0x00000b8f   Thumb Code    14  handlers.o(i.__scatterload_zeroinit)
    main                                     0x00000b9d   Thumb Code    76  lab5.o(i.main)
    micInput                                 0x00000bf5   Thumb Code   132  lab5.o(i.micInput)
    noSignal                                 0x00000c95   Thumb Code    12  transmitter.o(i.noSignal)
    selectSignalOne                          0x00000ca9   Thumb Code    14  transmitter.o(i.selectSignalOne)
    switchExamine                            0x00000cc1   Thumb Code   156  lab5.o(i.switchExamine)
    Region$$Table$$Base                      0x00000f7c   Number         0  anon$$obj.o(Region$$Table)
    Region$$Table$$Limit                     0x00000f9c   Number         0  anon$$obj.o(Region$$Table)
    outputADC                                0x20000000   Data           4  lab5.o(.data)
    dataRx                                   0x20000004   Data           4  lab5.o(.data)
    sampleMic                                0x20000008   Data           4  lab5.o(.data)
    ADC_Index                                0x2000000c   Data           4  lab5.o(.data)
    ADC_Index_Offload                        0x20000010   Data           4  lab5.o(.data)
    ADC_Flag_Stop                            0x20000014   Data           4  lab5.o(.data)
    PFone_pressed                            0x20000018   Data           4  lab5.o(.data)
    sampeling_array_index                    0x2000001c   Data           4  lab5.o(.data)
    z                                        0x20000020   Data           4  lab5.o(.data)
    t                                        0x20000024   Data           4  lab5.o(.data)
    PeriodicTask5                            0x20000028   Data           4  texas.o(.data)
    PeriodicTask0                            0x2000002c   Data           4  timer0a.o(.data)
    PeriodicTask1                            0x20000030   Data           4  timer1a.o(.data)
    signalOne                                0x20000034   Data           4  transmitter.o(.data)
    signalTwo                                0x20000038   Data           4  transmitter.o(.data)
    freq_entered                             0x2000003c   Data           4  transmitter.o(.data)
    delay                                    0x20000044   Data           4  receiver.o(.data)
    t0                                       0x20000048   Data           4  dsp.o(.data)
    t1                                       0x2000004c   Data           4  dsp.o(.data)
    t2                                       0x20000050   Data           4  dsp.o(.data)
    Rxx2                                     0x20000054   Data           4  dsp.o(.data)
    rsum1                                    0x20000058   Data           4  dsp.o(.data)
    isum1                                    0x2000005c   Data           4  dsp.o(.data)
    rsum2                                    0x20000060   Data           4  dsp.o(.data)
    isum2                                    0x20000064   Data           4  dsp.o(.data)
    x0                                       0x20000068   Data           1  dsp.o(.data)
    x1                                       0x20000069   Data           1  dsp.o(.data)
    x2                                       0x2000006a   Data           1  dsp.o(.data)
    ADC_Array                                0x2000006c   Data       16000  lab5.o(.bss)
    __initial_sp                             0x200042f0   Data           0  startup.o(STACK)



==============================================================================

Memory Map of the image

  Image Entry point : 0x0000026d

  Load Region LR_1 (Base: 0x00000000, Size: 0x00001008, Max: 0xffffffff, ABSOLUTE)

    Execution Region ER_RO (Exec base: 0x00000000, Load base: 0x00000000, Size: 0x00000f9c, Max: 0xffffffff, ABSOLUTE)

    Exec Addr    Load Addr    Size         Type   Attr      Idx    E Section Name        Object

    0x00000000   0x00000000   0x00000284   Code   RO            3  * RESET               startup.o
    0x00000284   0x00000284   0x00000000   Code   RO          875  * .ARM.Collect$$$$00000000  mc_w.l(entry.o)
    0x00000284   0x00000284   0x00000004   Code   RO          878    .ARM.Collect$$$$00000001  mc_w.l(entry2.o)
    0x00000288   0x00000288   0x00000004   Code   RO          881    .ARM.Collect$$$$00000004  mc_w.l(entry5.o)
    0x0000028c   0x0000028c   0x00000000   Code   RO          883    .ARM.Collect$$$$00000008  mc_w.l(entry7b.o)
    0x0000028c   0x0000028c   0x00000000   Code   RO          885    .ARM.Collect$$$$0000000A  mc_w.l(entry8b.o)
    0x0000028c   0x0000028c   0x00000008   Code   RO          886    .ARM.Collect$$$$0000000B  mc_w.l(entry9a.o)
    0x00000294   0x00000294   0x00000004   Code   RO          893    .ARM.Collect$$$$0000000E  mc_w.l(entry12b.o)
    0x00000298   0x00000298   0x00000000   Code   RO          888    .ARM.Collect$$$$0000000F  mc_w.l(entry10a.o)
    0x00000298   0x00000298   0x00000000   Code   RO          890    .ARM.Collect$$$$00000011  mc_w.l(entry11a.o)
    0x00000298   0x00000298   0x00000004   Code   RO          879    .ARM.Collect$$$$00002712  mc_w.l(entry2.o)
    0x0000029c   0x0000029c   0x0000001c   Code   RO            4    .text               startup.o
    0x000002b8   0x000002b8   0x00000024   Code   RO          894    .text               mc_w.l(init.o)
    0x000002dc   0x000002dc   0x0000002c   Code   RO          376    i.ADC_In            receiver.o
    0x00000308   0x00000308   0x00000110   Code   RO          377    i.ADC_Init          receiver.o
    0x00000418   0x00000418   0x000000b4   Code   RO          851    i.DAC_Init          tlv5616.o
    0x000004cc   0x000004cc   0x0000001c   Code   RO          852    i.DAC_Out           tlv5616.o
    0x000004e8   0x000004e8   0x00000024   Code   RO          781    i.DFT_Init          dsp.o
    0x0000050c   0x0000050c   0x0000000a   Code   RO           12    i.Delay             lab5.o
    0x00000516   0x00000516   0x0000000a   Code   RO          321    i.DelayTransmission  transmitter.o
    0x00000520   0x00000520   0x00000084   Code   RO          786    i.NoiseReject       dsp.o
    0x000005a4   0x000005a4   0x0000007c   Code   RO          768    i.PLL_Init          pll.o
    0x00000620   0x00000620   0x00000120   Code   RO           13    i.Switch_Init       lab5.o
    0x00000740   0x00000740   0x000000e0   Code   RO          322    i.SysTick_Handler   transmitter.o
    0x00000820   0x00000820   0x00000040   Code   RO          323    i.SysTick_Init      transmitter.o
    0x00000860   0x00000860   0x00000016   Code   RO          324    i.SysTick_SetPeriod  transmitter.o
    0x00000876   0x00000876   0x00000002   PAD
    0x00000878   0x00000878   0x00000018   Code   RO          267    i.Timer0A_Handler   timer0a.o
    0x00000890   0x00000890   0x00000078   Code   RO          268    i.Timer0A_Init      timer0a.o
    0x00000908   0x00000908   0x00000018   Code   RO          294    i.Timer1A_Handler   timer1a.o
    0x00000920   0x00000920   0x00000060   Code   RO          295    i.Timer1A_Init      timer1a.o
    0x00000980   0x00000980   0x00000018   Code   RO          162    i.Timer5A_Handler   texas.o
    0x00000998   0x00000998   0x0000001c   Code   RO           14    i.UART_InChar       lab5.o
    0x000009b4   0x000009b4   0x0000004c   Code   RO           15    i.UART_InUDec       lab5.o
    0x00000a00   0x00000a00   0x0000009c   Code   RO          165    i.UART_Init         texas.o
    0x00000a9c   0x00000a9c   0x00000088   Code   RO           16    i.UART_InitA        lab5.o
    0x00000b24   0x00000b24   0x00000018   Code   RO           17    i.UART_OutChar      lab5.o
    0x00000b3c   0x00000b3c   0x00000018   Code   RO           18    i.UART_OutString    lab5.o
    0x00000b54   0x00000b54   0x0000002a   Code   RO           19    i.UART_OutUDec      lab5.o
    0x00000b7e   0x00000b7e   0x0000000e   Code   RO          898    i.__scatterload_copy  mc_w.l(handlers.o)
    0x00000b8c   0x00000b8c   0x00000002   Code   RO          899    i.__scatterload_null  mc_w.l(handlers.o)
    0x00000b8e   0x00000b8e   0x0000000e   Code   RO          900    i.__scatterload_zeroinit  mc_w.l(handlers.o)
    0x00000b9c   0x00000b9c   0x00000058   Code   RO           20    i.main              lab5.o
    0x00000bf4   0x00000bf4   0x000000a0   Code   RO           21    i.micInput          lab5.o
    0x00000c94   0x00000c94   0x00000014   Code   RO          325    i.noSignal          transmitter.o
    0x00000ca8   0x00000ca8   0x00000018   Code   RO          326    i.selectSignalOne   transmitter.o
    0x00000cc0   0x00000cc0   0x000000bc   Code   RO           22    i.switchExamine     lab5.o
    0x00000d7c   0x00000d7c   0x00000200   Data   RO          328    .constdata          transmitter.o
    0x00000f7c   0x00000f7c   0x00000020   Data   RO          896    Region$$Table       anon$$obj.o


    Execution Region ER_RW (Exec base: 0x20000000, Load base: 0x00000f9c, Size: 0x0000006c, Max: 0xffffffff, ABSOLUTE)

    Exec Addr    Load Addr    Size         Type   Attr      Idx    E Section Name        Object

    0x20000000   0x00000f9c   0x00000028   Data   RW           24    .data               lab5.o
    0x20000028   0x00000fc4   0x00000004   Data   RW          166    .data               texas.o
    0x2000002c   0x00000fc8   0x00000004   Data   RW          270    .data               timer0a.o
    0x20000030   0x00000fcc   0x00000004   Data   RW          297    .data               timer1a.o
    0x20000034   0x00000fd0   0x00000010   Data   RW          329    .data               transmitter.o
    0x20000044   0x00000fe0   0x00000004   Data   RW          379    .data               receiver.o
    0x20000048   0x00000fe4   0x00000023   Data   RW          792    .data               dsp.o


    Execution Region ER_ZI (Exec base: 0x2000006c, Load base: 0x00001008, Size: 0x00004284, Max: 0xffffffff, ABSOLUTE)

    Exec Addr    Load Addr    Size         Type   Attr      Idx    E Section Name        Object

    0x2000006c        -       0x00003e80   Zero   RW           23    .bss                lab5.o
    0x20003eec   0x00001008   0x00000004   PAD
    0x20003ef0        -       0x00000400   Zero   RW            1    STACK               startup.o


==============================================================================

Image component sizes


      Code (inc. data)   RO Data    RW Data    ZI Data      Debug   Object Name

       168         34          0         35          0       2084   dsp.o
      1064        136          0         40      16000      11961   lab5.o
       124          4          0          0          0        567   pll.o
       316         40          0          4          0       1846   receiver.o
       672        622          0          0       1024       1132   startup.o
       180         26          0          4          0       2166   texas.o
       144         30          0          4          0       2157   timer0a.o
       120         28          0          4          0       1877   timer1a.o
       208         26          0          0          0       1125   tlv5616.o
       364        102        512         16          0       4309   transmitter.o

    ----------------------------------------------------------------------
      3362       1048        544        108      17028      29224   Object Totals
         0          0         32          0          0          0   (incl. Generated)
         2          0          0          1          4          0   (incl. Padding)

    ----------------------------------------------------------------------

      Code (inc. data)   RO Data    RW Data    ZI Data      Debug   Library Member Name

         0          0          0          0          0          0   entry.o
         0          0          0          0          0          0   entry10a.o
         0          0          0          0          0          0   entry11a.o
         4          0          0          0          0          0   entry12b.o
         8          4          0          0          0          0   entry2.o
         4          0          0          0          0          0   entry5.o
         0          0          0          0          0          0   entry7b.o
         0          0          0          0          0          0   entry8b.o
         8          4          0          0          0          0   entry9a.o
        30          0          0          0          0          0   handlers.o
        36          8          0          0          0         68   init.o

    ----------------------------------------------------------------------
        90         16          0          0          0         68   Library Totals
         0          0          0          0          0          0   (incl. Padding)

    ----------------------------------------------------------------------

      Code (inc. data)   RO Data    RW Data    ZI Data      Debug   Library Name

        90         16          0          0          0         68   mc_w.l

    ----------------------------------------------------------------------
        90         16          0          0          0         68   Library Totals

    ----------------------------------------------------------------------

==============================================================================


      Code (inc. data)   RO Data    RW Data    ZI Data      Debug   

      3452       1064        544        108      17028      26996   Grand Totals
      3452       1064        544        108      17028      26996   ELF Image Totals
      3452       1064        544        108          0          0   ROM Totals

==============================================================================

    Total RO  Size (Code + RO Data)                 3996 (   3.90kB)
    Total RW  Size (RW Data + ZI Data)             17136 (  16.73kB)
    Total ROM Size (Code + RO Data + RW Data)       4104 (   4.01kB)

==============================================================================

