<html>
<body>
<pre>
<h1>µVision Build Log</h1>
<h2>Tool Versions:</h2>
IDE-Version: µVision V5.36.0.0
Copyright (C) 2021 ARM Ltd and ARM Germany GmbH. All rights reserved.
License Information: Alec Henderson, The University of exas at Austin, LIC=----
 
Tool Versions:
Toolchain:       MDK-Lite  Version: 5.36.0.0
Toolchain Path:  C:\Keil_v5\ARM\ARMCC\Bin
C Compiler:      Armcc.exe V5.06 update 7 (build 960)
Assembler:       Armasm.exe V5.06 update 7 (build 960)
Linker/Locator:  ArmLink.exe V5.06 update 7 (build 960)
Library Manager: ArmAr.exe V5.06 update 7 (build 960)
Hex Converter:   FromElf.exe V5.06 update 7 (build 960)
CPU DLL:         SARMCM3.DLL V5.36.0.0
Dialog DLL:      DCM.DLL V1.17.3.0
Target DLL:      lmidk-agdi.dll V???
Dialog DLL:      TCM.DLL V1.53.0.0
 
<h2>Project:</h2>
C:\Users\alech\OneDrive\Desktop\Old Labs\Keil_v5\Embedded_Lab_Fall2024\ece-445l-lab-5-andy-and-alec\sw\src\Lab5.uvprojx
Project File Date:  10/07/2024

<h2>Output:</h2>
*** Using Compiler 'V5.06 update 7 (build 960)', folder: 'C:\Keil_v5\ARM\ARMCC\Bin'
Rebuild target 'Lab5'
assembling startup.s...
compiling dsp.c...
compiling Receiver.c...
compiling TLV5616.c...
compiling PLL.c...
compiling Timer0A.c...
compiling Timer1A.c...
compiling Transmitter.c...
Transmitter.c(129): warning:  #223-D: function "UART_OutString" declared implicitly
  			UART_OutString("Enter input frequency (Hz):\r\n");
Transmitter.c(130): warning:  #223-D: function "UART_InUDec" declared implicitly
  			freq_entered = UART_InUDec();  
Transmitter.c(133): warning:  #223-D: function "UART_OutChar" declared implicitly
  			UART_OutChar(CR); UART_OutChar(LF);
Transmitter.c: 3 warnings, 0 errors
compiling Texas.c...
compiling Lab5.c...
compiling ST7735.c...
linking...
Program Size: Code=3452 RO-data=544 RW-data=108 ZI-data=17028  
".\Lab5.axf" - 0 Error(s), 3 Warning(s).

<h2>Software Packages used:</h2>

Package Vendor: ARM
                http://www.keil.com/pack/ARM.CMSIS.5.8.0.pack
                ARM.CMSIS.5.8.0
                CMSIS (Common Microcontroller Software Interface Standard)
   * Component: CORE Version: 5.5.0

Package Vendor: Keil
                http://www.keil.com/pack/Keil.LM4F_DFP.1.0.0.pack
                Keil.LM4F_DFP.1.0.0
                Texas Instruments LM4F Series Device Support

<h2>Collection of Component include folders:</h2>
  .\RTE\_Lab5
  C:\Keil_v5\ARM\CMSIS\5.8.0\CMSIS\Core\Include
  C:\Keil_v5\Keil\LM4F_DFP\1.0.0\Device\Include

<h2>Collection of Component Files used:</h2>

   * Component: ARM::CMSIS:CORE:5.5.0
Build Time Elapsed:  00:00:01
</pre>
</body>
</html>
